// Jest Snapshot v1, https://goo.gl/fbAQLP

exports[`renders <App /> should pass mount snapshot test 1`] = `ReactWrapper {}`;
